// Jest Snapshot v1, https://goo.gl/fbAQLP

exports[`App component renders App 1`] = `
<BrowserRouter>
  <Switch>
    <Route
      path="/characters/:id"
    >
      <DetailContainer
        characters={Array []}
      />
    </Route>
    <Route
      path="/"
    >
      <ListContainer
        changePage={[Function]}
        characters={Array []}
        page={1}
      />
    </Route>
  </Switch>
</BrowserRouter>
`;
