// Jest Snapshot v1, https://goo.gl/fbAQLP

exports[`List component renders List 1`] = `
<ul>
  <li
    key="1"
  >
    <Link
      to="/characters/1"
    >
      aang
    </Link>
    ;
  </li>
</ul>
`;
